kind: Kustomization
apiVersion: kustomize.config.k8s.io/v1beta1
resources:
- consul-service.yaml
- consul-statefulset.yaml
- consul-test.yaml
- gossip-secret.yaml
- pod-dist-budget.yaml
- test-config.yaml
- ui-service.yaml
