apiVersion: v1
appVersion: "1.0"
description: A
name: values-update
version: 0.1.0
