replicaCount: 3
image:
  repository: nginx
  tag: latest

containerPort: 80

