kind: ""
apiversion: ""
bases:
- ../../installer/base
