apiVersion: extensions/v1
kind: Deployment
metadata:
  labels:
    app: myapp
  name: myapp
spec:
  replicas: 1
  template:
    metadata:
      labels:
        app: myapp
    spec:
      containers:
      - image: my/app:latest
        imagePullPolicy: IfNotPresent
        name: myapp
        ports:
        - containerPort: 8080
        readinessProbe:
          httpGet:
            path: /healthz
            port: 8080
          initialDelaySeconds: 5
          timeoutSeconds: 5
