apiVersion: extensions/v1
kind: Service
metadata:
  name: myapp-service
spec:
  ports:
  - protocol: TCP
    port: 8080
  selector:
    app: myapp
