---
# Source: elastic-stack/charts/logstash/templates/pipeline-config.yaml
apiVersion: v1
kind: ConfigMap
metadata:
  name: elastic-stack-logstash-pipeline
  labels:
    app: logstash
    chart: logstash-1.4.1
    release: elastic-stack
    heritage: Tiller
data:
  input_main: |-
    input {
      # udp {
      #   port => 1514
      #   type => syslog
      # }
      # tcp {
      #   port => 1514
      #   type => syslog
      # }
      beats {
        port => 5044
      }
      # http {
      #   port => 8080
      # }
      # kafka {
      #   ## ref: https://www.elastic.co/guide/en/logstash/current/plugins-inputs-kafka.html
      #   bootstrap_servers => "kafka-input:9092"
      #   codec => json { charset => "UTF-8" }
      #   consumer_threads => 1
      #   topics => ["source"]
      #   type => "example"
      # }
    }
  output_main: |-
    output {
      # stdout { codec => rubydebug }
      elasticsearch {
        hosts => ["${ELASTICSEARCH_HOST}:${ELASTICSEARCH_PORT}"]
        manage_template => false
        index => "%{[@metadata][beat]}-%{+YYYY.MM.dd}"
        document_type => "%{[@metadata][type]}"
      }
      # kafka {
      #   ## ref: https://www.elastic.co/guide/en/logstash/current/plugins-outputs-kafka.html
      #   bootstrap_servers => "kafka-output:9092"
      #   codec => json { charset => "UTF-8" }
      #   compression_type => "lz4"
      #   topic_id => "destination"
      # }
    }
