apiVersion: v1
kind: Service
metadata:
  labels:
    app: grafana
    release: grafana
  name: grafana
spec:
  ports:
  - name: service
    port: 80
    protocol: TCP
    targetPort: 3000
  selector:
    app: grafana
    release: grafana
  type: ClusterIP
