apiVersion: autoscaling/v2beta1
kind: HorizontalPodAutoscaler
metadata:
  labels:
    app: pilot
    chart: pilot
    heritage: Tiller
    release: istio
  name: istio-pilot
  namespace: default
spec:
  maxReplicas: 5
  metrics:
  - resource:
      name: cpu
      targetAverageUtilization: 80
    type: Resource
  minReplicas: 1
  scaleTargetRef:
    apiVersion: apps/v1beta1
    kind: Deployment
    name: istio-pilot
