---
# Source: elastic-stack/charts/elasticsearch/templates/service-account.yaml
apiVersion: v1
kind: ServiceAccount
metadata:
  labels:
    app: elasticsearch
    chart: elasticsearch-0.1.10
    heritage: Tiller
    release: elastic-stack
  name: elastic-stack-elasticsearch
