---
# Source: redis/templates/secret.yaml
apiVersion: v1
kind: Secret
metadata:
  name: redis
  labels:
    app: redis
    chart: redis-5.0.0
    release: "redis"
    heritage: "Tiller"
type: Opaque
data:
  redis-password: "R2JNc2Yxdm5LeQ=="