apiVersion: v1
data:
  redis-password: IM_A_PASSWORD
kind: Secret
metadata:
  labels:
    app: redis
    chart: redis-5.0.0
    heritage: Tiller
    release: redis
  name: redis
