kind: Kustomization
apiVersion: kustomize.config.k8s.io/v1beta1
patchesJson6902:
- target:
    group: apps
    version: v1beta2
    kind: Deployment
    name: modify-chart
  path: chart-patch.json
- target:
    group: apps
    version: v1beta2
    kind: Deployment
    name: modify-chart
  path: heritage-patch.json
- target:
    version: v1
    kind: Service
    name: modify-chart
  path: chart-patch.json
- target:
    version: v1
    kind: Service
    name: modify-chart
  path: heritage-patch.json
bases:
- ../../base
