apiVersion: apps/v1
kind: Deployment
metadata:
  name: redis-slave
spec:
  replicas: 2
  selector:
    matchLabels:
      app: redis
      role: slave
      tier: backend
  template:
    metadata:
      labels:
        app: redis
        role: slave
        tier: backend
    spec:
      containers:
      - env:
        - name: GET_HOSTS_FROM
          value: dns
        image: gcr.io/google_samples/gb-redisslave:v1
        name: slave
        ports:
        - containerPort: 6379
        resources:
          requests:
            cpu: 100m
            memory: 100Mi
