apiVersion: rbac.authorization.k8s.io/v1beta1
kind: ClusterRoleBinding
metadata:
  labels:
    app: istio-sidecar-injector
    chart: sidecarInjectorWebhook-1.0.3
    heritage: Tiller
    release: istio
  name: istio-sidecar-injector-admin-role-binding-default
roleRef:
  apiGroup: rbac.authorization.k8s.io
  kind: ClusterRole
  name: istio-sidecar-injector-default
subjects:
- kind: ServiceAccount
  name: istio-sidecar-injector-service-account
  namespace: default
