---
# Source: istio/charts/sidecarInjectorWebhook/templates/serviceaccount.yaml
apiVersion: v1
kind: ServiceAccount
metadata:
  name: istio-sidecar-injector-service-account
  namespace: default
  labels:
    app: istio-sidecar-injector
    chart: sidecarInjectorWebhook-1.0.3
    heritage: Tiller
    release: istio
