{
  "v1": {
    "config": {},
    "releaseName": "redis",
    "kustomize": {
      "overlays": {
        "ship": {
          "patches": {
            "/Deployment-redis-slave.yaml": "apiVersion: extensions/v1beta1\nkind: Deployment\nmetadata:\n  labels:\n    app: redis\n    chart: redis-5.0.0\n    heritage: Tiller\n    release: redis\n  name: redis-slave\nspec:\n  template:\n    metadata:\n      annotations:\n        checksum/secret: FORKED_CHECKSUM\n    spec:\n      $setElementOrder/containers:\n      - name: redis\n      containers:\n      - livenessProbe:\n          failureThreshold: HI_IM_FORKED\n        name: redis\n",
            "/Secret-redis.yaml": "apiVersion: v1\ndata:\n  redis-password: IM_A_PASSWORD\nkind: Secret\nmetadata:\n  labels:\n    app: redis\n    chart: redis-5.0.0\n    heritage: Tiller\n    release: redis\n  name: redis\n",
            "/StatefulSet-redis-master.yaml": "apiVersion: apps/v1beta2\nkind: StatefulSet\nmetadata:\n  labels:\n    app: redis\n    chart: redis-5.0.0\n    heritage: Tiller\n    release: redis\n  name: redis-master\nspec:\n  template:\n    metadata:\n      annotations:\n        checksum/secret: 7d8062c935157159cd0e3392280371c8cca1f35ccc16548d3f806c4ce09764ee\n    spec:\n      $setElementOrder/initContainers:\n      - name: volume-permissions\n      initContainers:\n      - imagePullPolicy: HELLO_IM_FORKED\n        name: volume-permissions\n"
          }
        }
      }
    },
    "upstream": "https://github.com/helm/charts/tree/b57cf383eb116f68dba938ce9c12ebc758b5a1f7/stable/redis",
    "metadata": {
      "applicationType": "helm",
      "icon": "https://bitnami.com/assets/stacks/redis/img/redis-stack-220x234.png",
      "name": "redis",
      "releaseNotes": "[stable/redis] support redis docker library image (#7745)\n\n* refactor(stable/redis): support redis docker library image\n\nBREAKING CHANGES:\n- `master.args` and `slave.args` are removed. Use `master.command` or\n  `slave.command` instead in order to override the image entrypoint,\n   or `master.extraFlags` to pass additional flags to `redis-server`.\n- `disableCommands` is now interpreted as an array of strings instead\n   of a string of comma separated values.\n- `master.persistence.path` now defaults to `/data`.\n\nSigned-off-by: Jacob LeGrone \u003cgit@jacob.work\u003e\n\n* test(stable/redis): add ci values for base images \u0026 configurations\n\nSigned-off-by: Jacob LeGrone \u003cgit@jacob.work\u003e",
      "version": "5.0.0"
    },
    "contentSHA": "da92015f05122621bc1e35a7f36d183c697c76f770afca76a8679342c9771179"
  }
}