apiVersion: rbac.authorization.k8s.io/v1beta1
kind: ClusterRoleBinding
metadata:
  name: istio-security-post-install-role-binding-default
  labels:
    app: istio-security
    chart: security-1.0.3
    heritage: Tiller
    release: istio
roleRef:
  apiGroup: rbac.authorization.k8s.io
  kind: ClusterRole
  name: istio-security-post-install-default
subjects:
  - kind: ServiceAccount
    name: istio-security-post-install-account
    namespace: default